// Jest Snapshot v1, https://goo.gl/fbAQLP

exports[`FocusCoachCard Visual Regression Tests matches snapshot at desktop viewport: FocusCoachCard-desktop 1`] = `
<div>
  <div
    class="rounded-lg border text-card-foreground shadow-sm relative overflow-hidden p-6 bg-gradient-to-br from-blue-50 to-white"
  >
    <div
      class="flex items-center justify-between mb-6"
    >
      <h3
        class="text-xl font-semibold text-blue-900"
      >
        Eren'in Koçu
      </h3>
      <span
        class="inline-flex items-center px-2.5 py-0.5 rounded-full font-medium border border-gray-200 text-gray-700 text-sm"
      >
        Test Task
      </span>
    </div>
    <div
      class="mt-6 grid grid-cols-2 gap-2"
    >
      <button
        class="px-4 py-2 bg-green-100 text-green-700 rounded-lg hover:bg-green-200 transition-colors"
      >
        Yapabilirim! 💪
      </button>
      <button
        class="px-4 py-2 bg-blue-100 text-blue-700 rounded-lg hover:bg-blue-200 transition-colors"
      >
        Yardım İstiyorum 🤝
      </button>
    </div>
  </div>
</div>
`;

exports[`FocusCoachCard Visual Regression Tests matches snapshot at mobile viewport: FocusCoachCard-mobile 1`] = `
<div>
  <div
    class="rounded-lg border text-card-foreground shadow-sm relative overflow-hidden p-6 bg-gradient-to-br from-blue-50 to-white"
  >
    <div
      class="flex items-center justify-between mb-6"
    >
      <h3
        class="text-xl font-semibold text-blue-900"
      >
        Eren'in Koçu
      </h3>
      <span
        class="inline-flex items-center px-2.5 py-0.5 rounded-full font-medium border border-gray-200 text-gray-700 text-sm"
      >
        Test Task
      </span>
    </div>
    <div
      class="mt-6 grid grid-cols-2 gap-2"
    >
      <button
        class="px-4 py-2 bg-green-100 text-green-700 rounded-lg hover:bg-green-200 transition-colors"
      >
        Yapabilirim! 💪
      </button>
      <button
        class="px-4 py-2 bg-blue-100 text-blue-700 rounded-lg hover:bg-blue-200 transition-colors"
      >
        Yardım İstiyorum 🤝
      </button>
    </div>
  </div>
</div>
`;

exports[`FocusCoachCard Visual Regression Tests matches snapshot at tablet viewport: FocusCoachCard-tablet 1`] = `
<div>
  <div
    class="rounded-lg border text-card-foreground shadow-sm relative overflow-hidden p-6 bg-gradient-to-br from-blue-50 to-white"
  >
    <div
      class="flex items-center justify-between mb-6"
    >
      <h3
        class="text-xl font-semibold text-blue-900"
      >
        Eren'in Koçu
      </h3>
      <span
        class="inline-flex items-center px-2.5 py-0.5 rounded-full font-medium border border-gray-200 text-gray-700 text-sm"
      >
        Test Task
      </span>
    </div>
    <div
      class="mt-6 grid grid-cols-2 gap-2"
    >
      <button
        class="px-4 py-2 bg-green-100 text-green-700 rounded-lg hover:bg-green-200 transition-colors"
      >
        Yapabilirim! 💪
      </button>
      <button
        class="px-4 py-2 bg-blue-100 text-blue-700 rounded-lg hover:bg-blue-200 transition-colors"
      >
        Yardım İstiyorum 🤝
      </button>
    </div>
  </div>
</div>
`;

exports[`FocusCoachCard renders correctly 1`] = `
<div>
  <div
    class="rounded-lg border text-card-foreground shadow-sm relative overflow-hidden p-6 bg-gradient-to-br from-blue-50 to-white"
  >
    <div
      class="flex items-center justify-between mb-6"
    >
      <h3
        class="text-xl font-semibold text-blue-900"
      >
        Eren'in Koçu
      </h3>
      <span
        class="inline-flex items-center px-2.5 py-0.5 rounded-full font-medium border border-gray-200 text-gray-700 text-sm"
      >
        Test Task
      </span>
    </div>
    <div
      class="mt-6 grid grid-cols-2 gap-2"
    >
      <button
        class="px-4 py-2 bg-green-100 text-green-700 rounded-lg hover:bg-green-200 transition-colors"
      >
        Yapabilirim! 💪
      </button>
      <button
        class="px-4 py-2 bg-blue-100 text-blue-700 rounded-lg hover:bg-blue-200 transition-colors"
      >
        Yardım İstiyorum 🤝
      </button>
    </div>
  </div>
</div>
`;
